[INFO] Scanning for projects...
[INFO] 
[INFO] ------------------------< com.chimera:chimera >-------------------------
[INFO] Building Project Chimera 0.1.0-SNAPSHOT
[INFO]   from pom.xml
[INFO] --------------------------------[ jar ]---------------------------------
[INFO] 
[INFO] --- resources:3.3.1:resources (default-resources) @ chimera ---
[INFO] Copying 1 resource from src/main/resources to target/classes
[INFO] Copying 0 resource from src/main/resources to target/classes
[INFO] 
[INFO] --- compiler:3.11.0:compile (default-compile) @ chimera ---
[INFO] Nothing to compile - all classes are up to date
[INFO] 
[INFO] --- resources:3.3.1:testResources (default-testResources) @ chimera ---
[INFO] skip non existing resourceDirectory /Users/stephany.wakaenda/llm_projects/agentic_infrastructure_challenge/src/test/resources
[INFO] 
[INFO] --- compiler:3.11.0:testCompile (default-testCompile) @ chimera ---
[INFO] Changes detected - recompiling the module! :source
[INFO] Compiling 2 source files with javac [debug release 21] to target/test-classes
[INFO] 
[INFO] --- surefire:3.1.2:test (default-test) @ chimera ---
[INFO] Using auto detected provider org.apache.maven.surefire.junitplatform.JUnitPlatformProvider
[INFO] 
[INFO] -------------------------------------------------------
[INFO]  T E S T S
[INFO] -------------------------------------------------------
[INFO] Running com.chimera.SkillsInterfaceTest
[INFO] Tests run: 14, Failures: 0, Errors: 0, Skipped: 0, Time elapsed: 0.035 s -- in com.chimera.SkillsInterfaceTest
[INFO] Running com.chimera.TrendFetcherTest
[ERROR] Tests run: 9, Failures: 1, Errors: 7, Skipped: 0, Time elapsed: 0.015 s <<< FAILURE! -- in com.chimera.TrendFetcherTest
[ERROR] com.chimera.TrendFetcherTest.fetchedTrend_cycleId_matchesInput -- Time elapsed: 0.004 s <<< ERROR!
java.lang.NullPointerException: Cannot invoke "com.chimera.agent.TrendFetcherService.fetchTrends(java.util.UUID)" because "this.service" is null
	at com.chimera.TrendFetcherTest.fetchedTrend_cycleId_matchesInput(TrendFetcherTest.java:92)
	at java.base/java.lang.reflect.Method.invoke(Method.java:580)
	at java.base/java.util.ArrayList.forEach(ArrayList.java:1596)
	at java.base/java.util.ArrayList.forEach(ArrayList.java:1596)

[ERROR] com.chimera.TrendFetcherTest.rankTopTrends_returnsSortedDescendingByScore -- Time elapsed: 0.002 s <<< ERROR!
java.lang.NullPointerException: Cannot invoke "com.chimera.agent.TrendFetcherService.rankTopTrends(java.util.List, int)" because "this.service" is null
	at com.chimera.TrendFetcherTest.rankTopTrends_returnsSortedDescendingByScore(TrendFetcherTest.java:137)
	at java.base/java.lang.reflect.Method.invoke(Method.java:580)
	at java.base/java.util.ArrayList.forEach(ArrayList.java:1596)
	at java.base/java.util.ArrayList.forEach(ArrayList.java:1596)

[ERROR] com.chimera.TrendFetcherTest.rankTopTrends_topNGreaterThanList_returnsAllItems -- Time elapsed: 0.001 s <<< ERROR!
java.lang.NullPointerException: Cannot invoke "com.chimera.agent.TrendFetcherService.rankTopTrends(java.util.List, int)" because "this.service" is null
	at com.chimera.TrendFetcherTest.rankTopTrends_topNGreaterThanList_returnsAllItems(TrendFetcherTest.java:155)
	at java.base/java.lang.reflect.Method.invoke(Method.java:580)
	at java.base/java.util.ArrayList.forEach(ArrayList.java:1596)
	at java.base/java.util.ArrayList.forEach(ArrayList.java:1596)

[ERROR] com.chimera.TrendFetcherTest.fetchedTrend_score_isBetweenZeroAndOne -- Time elapsed: 0.001 s <<< ERROR!
java.lang.NullPointerException: Cannot invoke "com.chimera.agent.TrendFetcherService.fetchTrends(java.util.UUID)" because "this.service" is null
	at com.chimera.TrendFetcherTest.fetchedTrend_score_isBetweenZeroAndOne(TrendFetcherTest.java:80)
	at java.base/java.lang.reflect.Method.invoke(Method.java:580)
	at java.base/java.util.ArrayList.forEach(ArrayList.java:1596)
	at java.base/java.util.ArrayList.forEach(ArrayList.java:1596)

[ERROR] com.chimera.TrendFetcherTest.fetchTrends_deduplicates_sameKeywordSameCycle -- Time elapsed: 0 s <<< ERROR!
java.lang.NullPointerException: Cannot invoke "com.chimera.agent.TrendFetcherService.fetchTrends(java.util.UUID)" because "this.service" is null
	at com.chimera.TrendFetcherTest.fetchTrends_deduplicates_sameKeywordSameCycle(TrendFetcherTest.java:114)
	at java.base/java.lang.reflect.Method.invoke(Method.java:580)
	at java.base/java.util.ArrayList.forEach(ArrayList.java:1596)
	at java.base/java.util.ArrayList.forEach(ArrayList.java:1596)

[ERROR] com.chimera.TrendFetcherTest.fetchTrends_onApiFailure_throwsChimeraAgentException -- Time elapsed: 0.001 s <<< FAILURE!
org.opentest4j.AssertionFailedError: fetchTrends must throw ChimeraAgentException after all retry attempts fail ==> Unexpected exception type thrown, expected: <com.chimera.agent.ChimeraAgentException> but was: <java.lang.NullPointerException>
	at org.junit.jupiter.api.AssertionFailureBuilder.build(AssertionFailureBuilder.java:151)
	at org.junit.jupiter.api.AssertThrows.assertThrows(AssertThrows.java:67)
	at org.junit.jupiter.api.AssertThrows.assertThrows(AssertThrows.java:39)
	at org.junit.jupiter.api.Assertions.assertThrows(Assertions.java:3131)
	at com.chimera.TrendFetcherTest.fetchTrends_onApiFailure_throwsChimeraAgentException(TrendFetcherTest.java:104)
	at java.base/java.lang.reflect.Method.invoke(Method.java:580)
	at java.base/java.util.ArrayList.forEach(ArrayList.java:1596)
	at java.base/java.util.ArrayList.forEach(ArrayList.java:1596)
Caused by: java.lang.NullPointerException: Cannot invoke "com.chimera.agent.TrendFetcherService.fetchTrends(java.util.UUID)" because "this.service" is null
	at com.chimera.TrendFetcherTest.lambda$fetchTrends_onApiFailure_throwsChimeraAgentException$0(TrendFetcherTest.java:105)
	at org.junit.jupiter.api.AssertThrows.assertThrows(AssertThrows.java:53)
	... 6 more

[ERROR] com.chimera.TrendFetcherTest.fetchTrends_returnsAtLeast10Results -- Time elapsed: 0 s <<< ERROR!
java.lang.NullPointerException: Cannot invoke "com.chimera.agent.TrendFetcherService.fetchTrends(java.util.UUID)" because "this.service" is null
	at com.chimera.TrendFetcherTest.fetchTrends_returnsAtLeast10Results(TrendFetcherTest.java:56)
	at java.base/java.lang.reflect.Method.invoke(Method.java:580)
	at java.base/java.util.ArrayList.forEach(ArrayList.java:1596)
	at java.base/java.util.ArrayList.forEach(ArrayList.java:1596)

[ERROR] com.chimera.TrendFetcherTest.fetchedTrend_matchesApiContract_allFieldsNonNull -- Time elapsed: 0.001 s <<< ERROR!
java.lang.NullPointerException: Cannot invoke "com.chimera.agent.TrendFetcherService.fetchTrends(java.util.UUID)" because "this.service" is null
	at com.chimera.TrendFetcherTest.fetchedTrend_matchesApiContract_allFieldsNonNull(TrendFetcherTest.java:65)
	at java.base/java.lang.reflect.Method.invoke(Method.java:580)
	at java.base/java.util.ArrayList.forEach(ArrayList.java:1596)
	at java.base/java.util.ArrayList.forEach(ArrayList.java:1596)

[INFO] 
[INFO] Results:
[INFO] 
[ERROR] Failures: 
[ERROR]   TrendFetcherTest.fetchTrends_onApiFailure_throwsChimeraAgentException:104 fetchTrends must throw ChimeraAgentException after all retry attempts fail ==> Unexpected exception type thrown, expected: <com.chimera.agent.ChimeraAgentException> but was: <java.lang.NullPointerException>
[ERROR] Errors: 
[ERROR]   TrendFetcherTest.fetchTrends_deduplicates_sameKeywordSameCycle:114 NullPointer Cannot invoke "com.chimera.agent.TrendFetcherService.fetchTrends(java.util.UUID)" because "this.service" is null
[ERROR]   TrendFetcherTest.fetchTrends_returnsAtLeast10Results:56 NullPointer Cannot invoke "com.chimera.agent.TrendFetcherService.fetchTrends(java.util.UUID)" because "this.service" is null
[ERROR]   TrendFetcherTest.fetchedTrend_cycleId_matchesInput:92 NullPointer Cannot invoke "com.chimera.agent.TrendFetcherService.fetchTrends(java.util.UUID)" because "this.service" is null
[ERROR]   TrendFetcherTest.fetchedTrend_matchesApiContract_allFieldsNonNull:65 NullPointer Cannot invoke "com.chimera.agent.TrendFetcherService.fetchTrends(java.util.UUID)" because "this.service" is null
[ERROR]   TrendFetcherTest.fetchedTrend_score_isBetweenZeroAndOne:80 NullPointer Cannot invoke "com.chimera.agent.TrendFetcherService.fetchTrends(java.util.UUID)" because "this.service" is null
[ERROR]   TrendFetcherTest.rankTopTrends_returnsSortedDescendingByScore:137 NullPointer Cannot invoke "com.chimera.agent.TrendFetcherService.rankTopTrends(java.util.List, int)" because "this.service" is null
[ERROR]   TrendFetcherTest.rankTopTrends_topNGreaterThanList_returnsAllItems:155 NullPointer Cannot invoke "com.chimera.agent.TrendFetcherService.rankTopTrends(java.util.List, int)" because "this.service" is null
[INFO] 
[ERROR] Tests run: 23, Failures: 1, Errors: 7, Skipped: 0
[INFO] 
[INFO] ------------------------------------------------------------------------
[INFO] BUILD FAILURE
[INFO] ------------------------------------------------------------------------
[INFO] Total time:  1.436 s
[INFO] Finished at: 2026-03-11T14:03:32+03:00
[INFO] ------------------------------------------------------------------------
[ERROR] Failed to execute goal org.apache.maven.plugins:maven-surefire-plugin:3.1.2:test (default-test) on project chimera: There are test failures.
[ERROR] 
[ERROR] Please refer to /Users/stephany.wakaenda/llm_projects/agentic_infrastructure_challenge/target/surefire-reports for the individual test results.
[ERROR] Please refer to dump files (if any exist) [date].dump, [date]-jvmRun[N].dump and [date].dumpstream.
[ERROR] -> [Help 1]
[ERROR] 
[ERROR] To see the full stack trace of the errors, re-run Maven with the -e switch.
[ERROR] Re-run Maven using the -X switch to enable full debug logging.
[ERROR] 
[ERROR] For more information about the errors and possible solutions, please read the following articles:
[ERROR] [Help 1] http://cwiki.apache.org/confluence/display/MAVEN/MojoFailureException
